// Jest Snapshot v1, https://goo.gl/fbAQLP

exports[`TaskRow should render without crashing 1`] = `
<div
  className="nr-task-row"
>
  <WithStyles(Grid)
    container={true}
    spacing={24}
  >
    <WithStyles(Grid)
      item={true}
      xs={6}
    >
      1970-01-15
    </WithStyles(Grid)>
    <WithStyles(Grid)
      className="nr-task-row--right"
      item={true}
      xs={6}
    >
      09:47:21
    </WithStyles(Grid)>
    <WithStyles(Grid)
      item={true}
      xs={8}
    >
      <WithStyles(Grid)
        className="nr-task-row__name"
        item={true}
        xs={12}
      >
        Mark Darcy
      </WithStyles(Grid)>
      <WithStyles(Grid)
        item={true}
        xs={12}
      >
        Give pills
      </WithStyles(Grid)>
    </WithStyles(Grid)>
    <WithStyles(Grid)
      className="nr-task-row--right"
      item={true}
      xs={4}
    >
      <WithStyles(Button)
        onClick={[Function]}
        variant="contained"
      >
        Done
      </WithStyles(Button)>
    </WithStyles(Grid)>
  </WithStyles(Grid)>
</div>
`;
